###############################################################################
#
# IAR ELF Linker V3.11.1.207 for STM8                     29/Apr/2020  13:48:26
# Copyright 2010-2019 IAR Systems AB.
#
#    Output file  =  
#        C:\Users\riban\OneDrive\Ambiente de
#        Trabalho\IAR\Debug\Exe\ControlUnit.out
#    Map file     =  
#        C:\Users\riban\OneDrive\Ambiente de
#        Trabalho\IAR\Debug\List\ControlUnit.map
#    Command line =  
#        -f C:\Users\riban\AppData\Local\Temp\EW44E7.tmp
#        ("C:\Users\riban\OneDrive\Ambiente de Trabalho\IAR\Debug\Obj\main.o"
#        "C:\Users\riban\OneDrive\Ambiente de Trabalho\IAR\Debug\Obj\Utils.o"
#        --redirect _Printf=_PrintfFullNoMb --redirect _Scanf=_ScanfFullNoMb
#        --no_out_extension -o "C:\Users\riban\OneDrive\Ambiente de
#        Trabalho\IAR\Debug\Exe\ControlUnit.out" --map
#        "C:\Users\riban\OneDrive\Ambiente de
#        Trabalho\IAR\Debug\List\ControlUnit.map" --config "C:\Program Files
#        (x86)\IAR Systems\Embedded Workbench
#        8.3\stm8\config\lnkstm8s208rb.icf" --config_def _CSTACK_SIZE=0x100
#        --config_def _HEAP_SIZE=0x100 --entry __iar_program_start --debug_lib)
#
###############################################################################

*******************************************************************************
*** RUNTIME MODEL ATTRIBUTES
***

__SystemLibrary            = DLib
__code_model               = small
__core                     = stm8
__data_model               = medium
__dlib_file_descriptor     = 0
__dlib_full_locale_support = 0
__rt_version               = 4


*******************************************************************************
*** PLACEMENT SUMMARY
***

"A0":  place at start of [0x000000-0x0000ff] { rw section .vregs };
"A1":  place at end of [0x000000-0x0017ff] { block CSTACK };
"P2":  place in [from 0x000000 to 0x0017ff] {
          block HEAP, rw section __DLIB_PERTHREAD, rw section .far.bss,
          rw section .far.data, rw section .far.noinit,
          rw section .far_func.textrw, rw section .huge.bss,
          rw section .huge.data, rw section .huge.noinit,
          rw section .huge_func.textrw, rw section .iar.dynexit,
          rw section .near.bss, rw section .near.data, rw section .near.noinit,
          rw section .near_func.textrw };
"A2":  place at start of [0x008000-0x00ffff] { block INTVEC };
"P3":  place in [from 0x008000 to 0x00ffff] {
          ro section __DLIB_PERTHREAD_init, ro section .far.data_init,
          ro section .far_func.textrw_init, ro section .huge.data_init,
          ro section .huge_func.textrw_init, ro section .iar.init_table,
          ro section .init_array, ro section .near.data_init,
          ro section .near.rodata, ro section .near_func.text,
          ro section .near_func.textrw_init, ro section .tiny.data_init,
          ro section .tiny.rodata_init };
do not initialize {
   rw section .eeprom.noinit, rw section .far.noinit, rw section .huge.noinit,
   rw section .near.noinit, rw section .tiny.noinit, rw section .vregs };

No sections matched the following patterns:

  ro section .far.data_init          in "P3"
  ro section .far.rodata             in "P4"
  ro section .far_func.text          in "P4"
  ro section .far_func.textrw_init   in "P3"
  ro section .huge.data_init         in "P3"
  ro section .huge.rodata            in "P5"
  ro section .huge_func.text         in "P5"
  ro section .huge_func.textrw_init  in "P3"
  ro section .iar.init_table         in "P3"
  ro section .init_array             in "P3"
  ro section .near.data_init         in "P3"
  ro section .near_func.textrw_init  in "P3"
  ro section .tiny.data_init         in "P3"
  ro section .tiny.rodata_init       in "P3"
  ro section __DLIB_PERTHREAD_init   in "P3"
  rw section .far.bss                in "P2"
  rw section .far.data               in "P2"
  rw section .far.noinit             in "P2"
  rw section .far_func.textrw        in "P2"
  rw section .huge.bss               in "P2"
  rw section .huge.data              in "P2"
  rw section .huge.noinit            in "P2"
  rw section .huge_func.textrw       in "P2"
  rw section .iar.dynexit            in "P2"
  rw section .near.data              in "P2"
  rw section .near.noinit            in "P2"
  rw section .near_func.textrw       in "P2"
  rw section .tiny.bss               in "P1"
  rw section .tiny.data              in "P1"
  rw section .tiny.noinit            in "P1"
  rw section .tiny.rodata            in "P1"
  rw section __DLIB_PERTHREAD        in "P2"
  section .eeprom.data               in "P6-P8"
  section .eeprom.noinit             in "P6-P8"
  section .eeprom.rodata             in "P6-P8"


  Section          Kind      Address    Size  Object
  -------          ----      -------    ----  ------
"A0":                                    0xc
  .vregs           uninit   0x000000     0xc  vregs.o [4]
                          - 0x00000c     0xc

"P2":                                   0x12
  .near.bss        zero     0x00000c     0x2  main.o [1]
  .near.bss        zero     0x00000e     0x2  main.o [1]
  .near.bss        zero     0x000010     0x2  main.o [1]
  .near.bss        zero     0x000012     0x2  main.o [1]
  .near.bss        zero     0x000014     0x1  main.o [1]
  .near.bss        zero     0x000015     0x1  main.o [1]
  .near.bss        zero     0x000016     0x1  main.o [1]
  .near.bss        zero     0x000017     0x1  main.o [1]
  .near.bss        zero     0x000018     0x1  main.o [1]
  .near.bss        zero     0x000019     0x1  main.o [1]
  .near.bss        zero     0x00001a     0x1  main.o [1]
  .near.bss        zero     0x00001b     0x1  main.o [1]
  .near.bss        zero     0x00001c     0x1  main.o [1]
  .near.bss        zero     0x00001d     0x1  main.o [1]
                          - 0x00001e    0x12

"A1":                                  0x100
  CSTACK                    0x001700   0x100  <Block>
    CSTACK         uninit   0x001700   0x100  <Block tail>
                          - 0x001800   0x100

Absolute sections, part 1 of 14:         0x1
  .near.noinit     uninit   0x005000     0x1  main.o [1]
                          - 0x005001     0x1

Absolute sections, part 2 of 14:         0x3
  .near.noinit     uninit   0x005002     0x1  Utils.o [1]
  .near.noinit     uninit   0x005003     0x1  Utils.o [1]
  .near.noinit     uninit   0x005004     0x1  Utils.o [1]
                          - 0x005005     0x3

Absolute sections, part 3 of 14:         0x9
  .near.noinit     uninit   0x005007     0x1  Utils.o [1]
  .near.noinit     uninit   0x005008     0x1  Utils.o [1]
  .near.noinit     uninit   0x005009     0x1  Utils.o [1]
  .near.noinit     uninit   0x00500a     0x1  main.o [1]
  .near.noinit     uninit   0x00500b     0x1  main.o [1]
  .near.noinit     uninit   0x00500c     0x1  Utils.o [1]
  .near.noinit     uninit   0x00500d     0x1  Utils.o [1]
  .near.noinit     uninit   0x00500e     0x1  Utils.o [1]
  .near.noinit     uninit   0x00500f     0x1  main.o [1]
                          - 0x005010     0x9

Absolute sections, part 4 of 14:         0x4
  .near.noinit     uninit   0x005011     0x1  Utils.o [1]
  .near.noinit     uninit   0x005012     0x1  Utils.o [1]
  .near.noinit     uninit   0x005013     0x1  Utils.o [1]
  .near.noinit     uninit   0x005014     0x1  main.o [1]
                          - 0x005015     0x4

Absolute sections, part 5 of 14:         0x3
  .near.noinit     uninit   0x005016     0x1  Utils.o [1]
  .near.noinit     uninit   0x005017     0x1  Utils.o [1]
  .near.noinit     uninit   0x005018     0x1  Utils.o [1]
                          - 0x005019     0x3

Absolute sections, part 6 of 14:         0x2
  .near.noinit     uninit   0x0050a0     0x1  Utils.o [1]
  .near.noinit     uninit   0x0050a1     0x1  Utils.o [1]
                          - 0x0050a2     0x2

Absolute sections, part 7 of 14:         0x2
  .near.noinit     uninit   0x0050c0     0x1  Utils.o [1]
  .near.noinit     uninit   0x0050c1     0x1  Utils.o [1]
                          - 0x0050c2     0x2

Absolute sections, part 8 of 14:         0x4
  .near.noinit     uninit   0x0050c4     0x1  Utils.o [1]
  .near.noinit     uninit   0x0050c5     0x1  Utils.o [1]
  .near.noinit     uninit   0x0050c6     0x1  Utils.o [1]
  .near.noinit     uninit   0x0050c7     0x1  Utils.o [1]
                          - 0x0050c8     0x4

Absolute sections, part 9 of 14:         0x2
  .near.noinit     uninit   0x0050c9     0x1  Utils.o [1]
  .near.noinit     uninit   0x0050ca     0x1  Utils.o [1]
                          - 0x0050cb     0x2

Absolute sections, part 10 of 14:        0x2
  .near.noinit     uninit   0x0050cc     0x1  Utils.o [1]
  .near.noinit     uninit   0x0050cd     0x1  Utils.o [1]
                          - 0x0050ce     0x2

Absolute sections, part 11 of 14:        0x2
  .near.noinit     uninit   0x005203     0x1  Utils.o [1]
  .near.noinit     uninit   0x005204     0x1  Utils.o [1]
                          - 0x005205     0x2

Absolute sections, part 12 of 14:        0xb
  .near.noinit     uninit   0x005230     0x1  Utils.o [1]
  .near.noinit     uninit   0x005231     0x1  Utils.o [1]
  .near.noinit     uninit   0x005232     0x1  Utils.o [1]
  .near.noinit     uninit   0x005233     0x1  Utils.o [1]
  .near.noinit     uninit   0x005234     0x1  Utils.o [1]
  .near.noinit     uninit   0x005235     0x1  Utils.o [1]
  .near.noinit     uninit   0x005236     0x1  Utils.o [1]
  .near.noinit     uninit   0x005237     0x1  Utils.o [1]
  .near.noinit     uninit   0x005238     0x1  Utils.o [1]
  .near.noinit     uninit   0x005239     0x1  Utils.o [1]
  .near.noinit     uninit   0x00523a     0x1  Utils.o [1]
                          - 0x00523b     0xb

Absolute sections, part 13 of 14:       0x11
  .near.noinit     uninit   0x005320     0x1  Utils.o [1]
  .near.noinit     uninit   0x005321     0x1  Utils.o [1]
  .near.noinit     uninit   0x005322     0x1  Utils.o [1]
  .near.noinit     uninit   0x005323     0x1  Utils.o [1]
  .near.noinit     uninit   0x005324     0x1  Utils.o [1]
  .near.noinit     uninit   0x005325     0x1  Utils.o [1]
  .near.noinit     uninit   0x005326     0x1  Utils.o [1]
  .near.noinit     uninit   0x005327     0x1  Utils.o [1]
  .near.noinit     uninit   0x005328     0x1  Utils.o [1]
  .near.noinit     uninit   0x005329     0x1  Utils.o [1]
  .near.noinit     uninit   0x00532a     0x1  Utils.o [1]
  .near.noinit     uninit   0x00532b     0x1  Utils.o [1]
  .near.noinit     uninit   0x00532c     0x1  Utils.o [1]
  .near.noinit     uninit   0x00532d     0x1  Utils.o [1]
  .near.noinit     uninit   0x00532e     0x1  Utils.o [1]
  .near.noinit     uninit   0x00532f     0x1  Utils.o [1]
  .near.noinit     uninit   0x005330     0x1  Utils.o [1]
                          - 0x005331    0x11

Absolute sections, part 14 of 14:        0x4
  .near.noinit     uninit   0x005400     0x1  Utils.o [1]
  .near.noinit     uninit   0x005401     0x1  Utils.o [1]
  .near.noinit     uninit   0x005402     0x1  Utils.o [1]
  .near.noinit     uninit   0x005403     0x1  Utils.o [1]
                          - 0x005404     0x4

"A2":                                   0x80
  INTVEC                    0x008000    0x80  <Block>
    .intvec        const    0x008000    0x80  interrupt.o [4]
                          - 0x008080    0x80

"P3":                                 0x20d4
  .near_func.text  ro code  0x008080   0x460  float.o [4]
  .near_func.text  ro code  0x0084e0   0x45d  xprintffull_nomb.o [4]
  .near_func.text  ro code  0x00893d   0x412  xprintffull_nomb.o [4]
  .near_func.text  ro code  0x008d4f   0x383  xprintffull_nomb.o [4]
  .near_func.text  ro code  0x0090d2   0x2b4  main.o [1]
  .near_func.text  ro code  0x009386   0x1b7  long.o [4]
  .near_func.text  ro code  0x00953d   0x176  xprintffull_nomb.o [4]
  .near_func.text  ro code  0x0096b3   0x161  float_libsup.o [4]
  .near_func.text  ro code  0x009814    0xf9  vreg_util.o [4]
  .near_func.text  ro code  0x00990d    0xd6  main.o [1]
  .near_func.text  ro code  0x0099e3    0xa9  Utils.o [1]
  .near_func.text  ro code  0x009a8c    0x72  long_util.o [4]
  .near_func.text  ro code  0x009afe    0x5f  Utils.o [1]
  .near_func.text  ro code  0x009b5d    0x55  Utils.o [1]
  .near_func.text  ro code  0x009bb2    0x43  xprintffull_nomb.o [4]
  .near_func.text  ro code  0x009bf5    0x41  xprintffull_nomb.o [4]
  .near_func.text  ro code  0x009c36    0x40  Utils.o [1]
  .near_func.text  ro code  0x009c76    0x3d  sprintf.o [4]
  .near_func.text  const    0x009cb3    0x3c  xprintffull_nomb.o [4]
  .near_func.text  ro code  0x009cef    0x39  main.o [1]
  .near_func.text  ro code  0x009d28    0x37  short.o [4]
  .near_func.text  ro code  0x009d5f    0x37  xprintffull_nomb.o [4]
  .near_func.text  ro code  0x009d96    0x33  xprintffull_nomb.o [4]
  .near_func.text  ro code  0x009dc9    0x30  div.o [4]
  .near_func.text  ro code  0x009df9    0x2f  xprintffull_nomb.o [4]
  .near_func.text  ro code  0x009e28    0x25  main.o [1]
  .near_func.text  ro code  0x009e4d    0x21  memchr.o [4]
  .iar.init_table  const    0x009e6e     0x8  - Linker created -
  .near_func.text  ro code  0x009e76    0x20  main.o [1]
  .near_func.text  ro code  0x009e96    0x1f  Utils.o [1]
  .near_func.text  ro code  0x009eb5    0x1f  dc_util.o [4]
  .near_func.text  ro code  0x009ed4    0x1f  memcpy.o [4]
  .near.rodata     const    0x009ef3    0x1e  main.o [1]
  .near_func.text  ro code  0x009f11    0x1e  main.o [1]
  .near_func.text  ro code  0x009f2f    0x1e  init_small.o [4]
  .near.rodata     const    0x009f4d    0x1d  main.o [1]
  .near_func.text  ro code  0x009f6a    0x1c  Utils.o [1]
  .near_func.text  ro code  0x009f86    0x17  Utils.o [1]
  .near_func.text  ro code  0x009f9d    0x17  Utils.o [1]
  .near_func.text  ro code  0x009fb4    0x15  strchr.o [4]
  .near_func.text  ro code  0x009fc9    0x14  init.o [4]
  .near_func.text  ro code  0x009fdd    0x14  xprintffull_nomb.o [4]
  .near_func.text  ro code  0x009ff1    0x14  __dbg_xxexit.o [3]
  .near_func.text  ro code  0x00a005    0x13  cstartup.o [4]
  .near_func.text  ro code  0x00a018    0x10  Utils.o [1]
  .near_func.text  ro code  0x00a028     0xd  main.o [1]
  .near_func.text  ro code  0x00a035     0xd  strlen.o [4]
  .near_func.text  ro code  0x00a042     0xd  move.o [4]
  .near_func.text  ro code  0x00a04f     0xc  xprintffull_nomb.o [4]
  .near_func.text  ro code  0x00a05b     0xc  switch.o [4]
  .near_func.text  ro code  0x00a067     0xb  main.o [1]
  .near_func.text  ro code  0x00a072     0xb  xprintffull_nomb.o [4]
  .near_func.text  ro code  0x00a07d     0xb  xprintffull_nomb.o [4]
  .near_func.text  ro code  0x00a088     0xb  xprintffull_nomb.o [4]
  .near_func.text  ro code  0x00a093     0xb  xsprout.o [4]
  .near_func.text  ro code  0x00a09e     0xa  xprintffull_nomb.o [4]
  .near_func.text  ro code  0x00a0a8     0x9  main.o [1]
  .near_func.text  ro code  0x00a0b1     0x9  xprintffull_nomb.o [4]
  .near_func.text  ro code  0x00a0ba     0x9  xprintffull_nomb.o [4]
  .near_func.text  ro code  0x00a0c3     0x9  xprintffull_nomb.o [4]
  .near.rodata     const    0x00a0cc     0x8  main.o [1]
  .near_func.text  ro code  0x00a0d4     0x8  xprintffull_nomb.o [4]
  .near_func.text  ro code  0x00a0dc     0x8  xprintffull_nomb.o [4]
  .near_func.text  ro code  0x00a0e4     0x8  xprintffull_nomb.o [4]
  .near_func.text  ro code  0x00a0ec     0x8  xprintffull_nomb.o [4]
  .near.rodata     const    0x00a0f4     0x7  xprintffull_nomb.o [4]
  .near_func.text  ro code  0x00a0fb     0x7  xprintffull_nomb.o [4]
  .near_func.text  ro code  0x00a102     0x7  xprintffull_nomb.o [4]
  .near_func.text  ro code  0x00a109     0x6  xprintffull_nomb.o [4]
  .near_func.text  ro code  0x00a10f     0x6  xprintffull_nomb.o [4]
  .near_func.text  ro code  0x00a115     0x6  xprintffull_nomb.o [4]
  .near_func.text  ro code  0x00a11b     0x6  xprintffull_nomb.o [4]
  .near_func.text  ro code  0x00a121     0x6  xprintffull_nomb.o [4]
  .near_func.text  ro code  0x00a127     0x5  xprintffull_nomb.o [4]
  .near_func.text  ro code  0x00a12c     0x5  cexit.o [4]
  .near.rodata     const    0x00a131     0x4  main.o [1]
  .near.rodata     const    0x00a135     0x4  xprintffull_nomb.o [4]
  .near.rodata     const    0x00a139     0x4  xprintffull_nomb.o [4]
  .near.rodata     const    0x00a13d     0x4  xprintffull_nomb.o [4]
  .near.rodata     const    0x00a141     0x4  xprintffull_nomb.o [4]
  .near_func.text  ro code  0x00a145     0x3  interrupt.o [4]
  .near_func.text  ro code  0x00a148     0x3  low_level_init.o [4]
  .near_func.text  ro code  0x00a14b     0x3  exit.o [4]
  .near_func.text  ro code  0x00a14e     0x3  unhandled_exception.o [4]
  .near.rodata     const    0x00a151     0x2  xprintffull_nomb.o [4]
  .near_func.text  ro code  0x00a153     0x1  __dbg_break.o [3]
                          - 0x00a154  0x20d4


*******************************************************************************
*** INIT TABLE
***

          Address   Size
          -------   ----
Zero (__iar_zero_init2)
    1 destination range, total size 0x12:
          0x00000c  0x12



*******************************************************************************
*** MODULE SUMMARY
***

    Module                 ro code  ro data  rw data  rw data
                                                       (abs)
    ------                 -------  -------  -------  -------
C:\Users\riban\OneDrive\Ambiente de Trabalho\IAR\Debug\Obj: [1]
    Utils.o                    534                         61
    main.o                   1 095       71       18        5
    ---------------------------------------------------------
    Total:                   1 629       71       18       66

command line: [2]
    ---------------------------------------------------------
    Total:

dbgstm8smd.a: [3]
    __dbg_break.o                1
    __dbg_xxexit.o              20
    ---------------------------------------------------------
    Total:                      21

dlstm8smn.a: [4]
    cexit.o                      5
    cstartup.o                  19
    dc_util.o                   31
    div.o                       48
    exit.o                       3
    float.o                  1 120
    float_libsup.o             353
    init.o                      20
    init_small.o                30
    interrupt.o                  3      128
    long.o                     439
    long_util.o                114
    low_level_init.o             3
    memchr.o                    33
    memcpy.o                    31
    move.o                      13
    short.o                     55
    sprintf.o                   61
    strchr.o                    21
    strlen.o                    13
    switch.o                    12
    unhandled_exception.o        3
    vreg_util.o                249
    vregs.o                                       12
    xprintffull_nomb.o       3 900       85
    xsprout.o                   11
    ---------------------------------------------------------
    Total:                   6 590      213       12

    Linker created                        8      256
-------------------------------------------------------------
    Grand Total:             8 240      292      286       66


*******************************************************************************
*** ENTRY LIST
***

Entry                    Address   Size  Type      Object
-----                    -------   ----  ----      ------
.iar.init_table$$Base   0x009e6e          --   Gb  - Linker created -
.iar.init_table$$Limit  0x009e76          --   Gb  - Linker created -
?and32_l0_l0_0x         0x0094f8         Code  Gb  long.o [4]
?and32_l0_l0_l1         0x0094f5         Code  Gb  long.o [4]
?b0                     0x000000         Data  Gb  vregs.o [4]
?b1                     0x000001         Data  Gb  vregs.o [4]
?b10                    0x00000a         Data  Gb  vregs.o [4]
?b11                    0x00000b         Data  Gb  vregs.o [4]
?b2                     0x000002         Data  Gb  vregs.o [4]
?b3                     0x000003         Data  Gb  vregs.o [4]
?b4                     0x000004         Data  Gb  vregs.o [4]
?b5                     0x000005         Data  Gb  vregs.o [4]
?b6                     0x000006         Data  Gb  vregs.o [4]
?b7                     0x000007         Data  Gb  vregs.o [4]
?b8                     0x000008         Data  Gb  vregs.o [4]
?b9                     0x000009         Data  Gb  vregs.o [4]
?dc32_l1                0x009ebc         Code  Gb  dc_util.o [4]
?dc32_px                0x009ec9         Code  Gb  dc_util.o [4]
?dc8_px                 0x009eb5         Code  Gb  dc_util.o [4]
?e0                     0x000001         Data  Gb  vregs.o [4]
?e1                     0x000005         Data  Gb  vregs.o [4]
?e2                     0x000009         Data  Gb  vregs.o [4]
?epilogue_l2            0x00989a         Code  Gb  vreg_util.o [4]
?epilogue_w4            0x00989e         Code  Gb  vreg_util.o [4]
?fadd32_l0_l0_l1        0x0080a3         Code  Gb  float.o [4]
?fcastf32s32_l0_l0      0x00839b         Code  Gb  float.o [4]
?fcastf32u32_l0_l0      0x0083a6         Code  Gb  float.o [4]
?fcasts32f32_l0_l0      0x00833a         Code  Gb  float.o [4]
?fcastu32f32_l0_l0      0x008323         Code  Gb  float.o [4]
?fcmpge32_c_l0_0x       0x0082c4         Code  Gb  float.o [4]
?fcmpge32_c_l0_dc32     0x0082bf         Code  Gb  float.o [4]
?fcmplt32_c_l0_0x       0x0082cd         Code  Gb  float.o [4]
?fcmplt32_c_l0_dc32     0x0082c8         Code  Gb  float.o [4]
?fdiv32_l0_l0_l1        0x008211         Code  Gb  float.o [4]
?fmul32_l0_l0_dc32      0x008171         Code  Gb  float.o [4]
?fmul32_l0_l0_l1        0x008176         Code  Gb  float.o [4]
?fsub32_l0_l0_l1        0x00809d         Code  Gb  float.o [4]
?l0                     0x000000         Data  Gb  vregs.o [4]
?l1                     0x000004         Data  Gb  vregs.o [4]
?l2                     0x000008         Data  Gb  vregs.o [4]
?load32_0x_l0           0x009ad1         Code  Gb  long_util.o [4]
?load32_0x_l2           0x009af0         Code  Gb  long_util.o [4]
?load32_asp_l0          0x009ac5         Code  Gb  long_util.o [4]
?load32_asp_l2          0x009ae4         Code  Gb  long_util.o [4]
?load32_dbsp_l0         0x009ac0         Code  Gb  long_util.o [4]
?load32_dbsp_l2         0x009adf         Code  Gb  long_util.o [4]
?load32_l0_0x           0x009a9c         Code  Gb  long_util.o [4]
?load32_l0_asp          0x009a91         Code  Gb  long_util.o [4]
?load32_l0_dbsp         0x009a8c         Code  Gb  long_util.o [4]
?load32_l0_xsp          0x009a93         Code  Gb  long_util.o [4]
?load32_l1_0x           0x009aa8         Code  Gb  long_util.o [4]
?load32_l2_0x           0x009ab4         Code  Gb  long_util.o [4]
?load32_xsp_l0          0x009ac7         Code  Gb  long_util.o [4]
?load32_xsp_l2          0x009ae6         Code  Gb  long_util.o [4]
?mov_e0_e1              0x0098cf         Code  Gb  vreg_util.o [4]
?mov_e0_e2              0x0098dc         Code  Gb  vreg_util.o [4]
?mov_e1_e0              0x0098e9         Code  Gb  vreg_util.o [4]
?mov_e1_e2              0x0098f6         Code  Gb  vreg_util.o [4]
?mov_e2_e0              0x009903         Code  Gb  vreg_util.o [4]
?mov_l0_l1              0x0098cc         Code  Gb  vreg_util.o [4]
?mov_l0_l2              0x0098d9         Code  Gb  vreg_util.o [4]
?mov_l1_l0              0x0098e6         Code  Gb  vreg_util.o [4]
?mov_l1_l2              0x0098f3         Code  Gb  vreg_util.o [4]
?mov_l2_l0              0x009900         Code  Gb  vreg_util.o [4]
?mov_w0_w5              0x0098a2         Code  Gb  vreg_util.o [4]
?mov_w1_w3              0x0098d2         Code  Gb  vreg_util.o [4]
?mov_w1_w5              0x0098df         Code  Gb  vreg_util.o [4]
?mov_w2_w0              0x0098a9         Code  Gb  vreg_util.o [4]
?mov_w2_w1              0x0098b0         Code  Gb  vreg_util.o [4]
?mov_w3_w1              0x0098ec         Code  Gb  vreg_util.o [4]
?mov_w3_w5              0x0098f9         Code  Gb  vreg_util.o [4]
?mov_w4_w0              0x0098b7         Code  Gb  vreg_util.o [4]
?mov_w4_w1              0x0098be         Code  Gb  vreg_util.o [4]
?mov_w5_w0              0x0098c5         Code  Gb  vreg_util.o [4]
?mov_w5_w1              0x009906         Code  Gb  vreg_util.o [4]
?move1616_v_x_y_a       0x00a042         Code  Gb  move.o [4]
?mul16_x_x_w0           0x009d28         Code  Gb  short.o [4]
?mul32_l0_l0_0x         0x009399         Code  Gb  long.o [4]
?mul32_l0_l0_dl         0x009396         Code  Gb  long.o [4]
?mul32_l0_l0_l1         0x0093a2         Code  Gb  long.o [4]
?neg32_l0_l0            0x009386         Code  Gb  long.o [4]
?pop_l0                 0x009871         Code  Gb  vreg_util.o [4]
?pop_l1                 0x00987c         Code  Gb  vreg_util.o [4]
?pop_l2                 0x009887         Code  Gb  vreg_util.o [4]
?pop_w4                 0x009836         Code  Gb  vreg_util.o [4]
?push_l0                0x009845         Code  Gb  vreg_util.o [4]
?push_l1                0x00984a         Code  Gb  vreg_util.o [4]
?push_l2                0x00984f         Code  Gb  vreg_util.o [4]
?push_w0                0x009814         Code  Gb  vreg_util.o [4]
?push_w1                0x009819         Code  Gb  vreg_util.o [4]
?push_w4                0x00981e         Code  Gb  vreg_util.o [4]
?scmp32_c_l0_l1         0x0094de         Code  Gb  long.o [4]
?sdiv16_x_x_y           0x009d46         Code  Gb  short.o [4]
?sdiv32_l0_l0_dl        0x009495         Code  Gb  long.o [4]
?sdiv32_l0_l0_l1        0x009498         Code  Gb  long.o [4]
?sext32_l0_a            0x009530         Code  Gb  long.o [4]
?sext32_l0_x            0x009525         Code  Gb  long.o [4]
?smod32_l1_l0_l1        0x009498         Code  Gb  long.o [4]
?sra32_0x_0x_a          0x009517         Code  Gb  long.o [4]
?sra32_l0_l0_a          0x009514         Code  Gb  long.o [4]
?sra32_l0_l0_db         0x009510         Code  Gb  long.o [4]
?switch8vlt_0x_a_0x     0x00a05b         Code  Gb  switch.o [4]
?udiv32_l0_l0_dl        0x009425         Code  Gb  long.o [4]
?udiv32_l0_l0_l1        0x009428         Code  Gb  long.o [4]
?umod32_l1_l0_dl        0x009420         Code  Gb  long.o [4]
?umod32_l1_l0_l1        0x009428         Code  Gb  long.o [4]
?w0                     0x000000         Data  Gb  vregs.o [4]
?w1                     0x000002         Data  Gb  vregs.o [4]
?w2                     0x000004         Data  Gb  vregs.o [4]
?w3                     0x000006         Data  Gb  vregs.o [4]
?w4                     0x000008         Data  Gb  vregs.o [4]
?w5                     0x00000a         Data  Gb  vregs.o [4]
CLK_PCKENR1             0x0050c7    0x1  Data  Gb  Utils.o [1]
CLK_PCKENR2             0x0050ca    0x1  Data  Gb  Utils.o [1]
CLK_SWR                 0x0050c4    0x1  Data  Gb  Utils.o [1]
CSTACK$$Base            0x001700          --   Gb  - Linker created -
CSTACK$$Limit           0x001800          --   Gb  - Linker created -
EXTI_PORTC_IRQHandler   0x009e28   0x25  Code  Gb  main.o [1]
EXTI_PORTE_IRQHandler   0x009cef   0x39  Code  Gb  main.o [1]
INTERRUPTS_ENABLE       0x00001d    0x1  Data  Gb  main.o [1]
INTVEC$$Base            0x008000          --   Gb  - Linker created -
INTVEC$$Limit           0x008080          --   Gb  - Linker created -
InitialiseUART          0x009afe   0x5f  Code  Gb  Utils.o [1]
InitialiseUserButton    0x009f9d   0x17  Code  Gb  Utils.o [1]
LoadInt                 0x009bf5   0x41  Code  Lc  xprintffull_nomb.o [4]
RESET_COUNT_PULSES      0x000019    0x1  Data  Gb  main.o [1]
RX_STROKE_LENGHT        0x00001b    0x1  Data  Gb  main.o [1]
Region$$Table$$Base     0x009e6e          --   Gb  - Linker created -
Region$$Table$$Limit    0x009e76          --   Gb  - Linker created -
SPI_DR                  0x005204    0x1  Data  Gb  Utils.o [1]
SPI_IRQHandler          0x00a067    0xb  Code  Gb  main.o [1]
TIM3_ARRH               0x00532b    0x1  Data  Gb  Utils.o [1]
TIM3_ARRL               0x00532c    0x1  Data  Gb  Utils.o [1]
TIM3_CCR1H              0x00532d    0x1  Data  Gb  Utils.o [1]
TIM3_CCR1L              0x00532e    0x1  Data  Gb  Utils.o [1]
TIM3_CCR2H              0x00532f    0x1  Data  Gb  Utils.o [1]
TIM3_CCR2L              0x005330    0x1  Data  Gb  Utils.o [1]
TIM3_CNTRH              0x005328    0x1  Data  Gb  Utils.o [1]
TIM3_CNTRL              0x005329    0x1  Data  Gb  Utils.o [1]
TX_POSITION             0x00001c    0x1  Data  Gb  main.o [1]
TX_PULSE_RATE           0x00001a    0x1  Data  Gb  main.o [1]
UART1_BRR1              0x005232    0x1  Data  Gb  Utils.o [1]
UART1_BRR2              0x005233    0x1  Data  Gb  Utils.o [1]
UART1_DR                0x005231    0x1  Data  Gb  Utils.o [1]
UART1_GTR               0x005239    0x1  Data  Gb  Utils.o [1]
UART1_PSCR              0x00523a    0x1  Data  Gb  Utils.o [1]
UARTPrintf              0x00a018   0x10  Code  Gb  Utils.o [1]
_A_ADC_CR1              0x005401    0x1  Data  Gb  Utils.o [1]
_A_ADC_CR2              0x005402    0x1  Data  Gb  Utils.o [1]
_A_ADC_CR3              0x005403    0x1  Data  Gb  Utils.o [1]
_A_ADC_CSR              0x005400    0x1  Data  Gb  Utils.o [1]
_A_CLK_CCOR             0x0050c9    0x1  Data  Gb  Utils.o [1]
_A_CLK_CKDIVR           0x0050c6    0x1  Data  Gb  Utils.o [1]
_A_CLK_ECKR             0x0050c1    0x1  Data  Gb  Utils.o [1]
_A_CLK_HSITRIMR         0x0050cc    0x1  Data  Gb  Utils.o [1]
_A_CLK_ICKR             0x0050c0    0x1  Data  Gb  Utils.o [1]
_A_CLK_SWCR             0x0050c5    0x1  Data  Gb  Utils.o [1]
_A_CLK_SWIMCCR          0x0050cd    0x1  Data  Gb  Utils.o [1]
_A_EXTI_CR1             0x0050a0    0x1  Data  Gb  Utils.o [1]
_A_EXTI_CR2             0x0050a1    0x1  Data  Gb  Utils.o [1]
_A_PA_CR1               0x005003    0x1  Data  Gb  Utils.o [1]
_A_PA_CR2               0x005004    0x1  Data  Gb  Utils.o [1]
_A_PA_DDR               0x005002    0x1  Data  Gb  Utils.o [1]
_A_PA_ODR               0x005000    0x1  Data  Gb  main.o [1]
_A_PB_CR1               0x005008    0x1  Data  Gb  Utils.o [1]
_A_PB_CR2               0x005009    0x1  Data  Gb  Utils.o [1]
_A_PB_DDR               0x005007    0x1  Data  Gb  Utils.o [1]
_A_PC_CR1               0x00500d    0x1  Data  Gb  Utils.o [1]
_A_PC_CR2               0x00500e    0x1  Data  Gb  Utils.o [1]
_A_PC_DDR               0x00500c    0x1  Data  Gb  Utils.o [1]
_A_PC_IDR               0x00500b    0x1  Data  Gb  main.o [1]
_A_PC_ODR               0x00500a    0x1  Data  Gb  main.o [1]
_A_PD_CR1               0x005012    0x1  Data  Gb  Utils.o [1]
_A_PD_CR2               0x005013    0x1  Data  Gb  Utils.o [1]
_A_PD_DDR               0x005011    0x1  Data  Gb  Utils.o [1]
_A_PD_ODR               0x00500f    0x1  Data  Gb  main.o [1]
_A_PE_CR1               0x005017    0x1  Data  Gb  Utils.o [1]
_A_PE_CR2               0x005018    0x1  Data  Gb  Utils.o [1]
_A_PE_DDR               0x005016    0x1  Data  Gb  Utils.o [1]
_A_PE_ODR               0x005014    0x1  Data  Gb  main.o [1]
_A_SPI_SR               0x005203    0x1  Data  Gb  Utils.o [1]
_A_TIM3_CCER1           0x005327    0x1  Data  Gb  Utils.o [1]
_A_TIM3_CCMR1           0x005325    0x1  Data  Gb  Utils.o [1]
_A_TIM3_CCMR2           0x005326    0x1  Data  Gb  Utils.o [1]
_A_TIM3_CR1             0x005320    0x1  Data  Gb  Utils.o [1]
_A_TIM3_EGR             0x005324    0x1  Data  Gb  Utils.o [1]
_A_TIM3_IER             0x005321    0x1  Data  Gb  Utils.o [1]
_A_TIM3_PSCR            0x00532a    0x1  Data  Gb  Utils.o [1]
_A_TIM3_SR1             0x005322    0x1  Data  Gb  Utils.o [1]
_A_TIM3_SR2             0x005323    0x1  Data  Gb  Utils.o [1]
_A_UART1_CR1            0x005234    0x1  Data  Gb  Utils.o [1]
_A_UART1_CR2            0x005235    0x1  Data  Gb  Utils.o [1]
_A_UART1_CR3            0x005236    0x1  Data  Gb  Utils.o [1]
_A_UART1_CR4            0x005237    0x1  Data  Gb  Utils.o [1]
_A_UART1_CR5            0x005238    0x1  Data  Gb  Utils.o [1]
_A_UART1_SR             0x005230    0x1  Data  Gb  Utils.o [1]
_GenldFullNoMb          0x008d4f  0x383  Code  Lc  xprintffull_nomb.o [4]
_LdtobFullNoMb          0x00893d  0x412  Code  Lc  xprintffull_nomb.o [4]
_LitobFullNoMb          0x00953d  0x176  Code  Lc  xprintffull_nomb.o [4]
_PrintfFullNoMb         0x0084e0  0x45d  Code  Gb  xprintffull_nomb.o [4]
_PutcharFullNoMb        0x009df9   0x2f  Code  Lc  xprintffull_nomb.o [4]
_PutcharsFullNoMb       0x009d96   0x33  Code  Lc  xprintffull_nomb.o [4]
_SProut                 0x00a093    0xb  Code  Gb  xsprout.o [4]
__DebugBreak            0x00a153    0x1  Code  Gb  __dbg_break.o [3]
__exit                  0x009ff1   0x14  Code  Gb  __dbg_xxexit.o [3]
__iar_Dnorm             0x0096b3         Code  Gb  float_libsup.o [4]
__iar_Dscale            0x009741         Code  Gb  float_libsup.o [4]
__iar_Dunscale          0x0096ef         Code  Gb  float_libsup.o [4]
__iar_Memchr            0x009e4d   0x21  Code  Gb  memchr.o [4]
__iar_Strchr            0x009fb4   0x15  Code  Gb  strchr.o [4]
__iar_data_init2        0x009fc9   0x14  Code  Gb  init.o [4]
__iar_program_start     0x00a005         Code  Gb  cstartup.o [4]
__iar_unhandled_exception
                        0x00a14e         Code  Gb  unhandled_exception.o [4]
__iar_zero_init2        0x009f2f         Code  Gb  init_small.o [4]
__intvec                0x008000         Data  Gb  interrupt.o [4]
__low_level_init        0x00a148    0x3  Code  Gb  low_level_init.o [4]
_exit                   0x00a12c         Code  Gb  cexit.o [4]
_interrupt_12           0x00a067         Code  Gb  main.o [1]
_interrupt_7            0x009e28         Code  Gb  main.o [1]
_interrupt_9            0x009cef         Code  Gb  main.o [1]
count_pulse_initial_s1  0x000010    0x2  Data  Gb  main.o [1]
count_pulse_initial_s2  0x000012    0x2  Data  Gb  main.o [1]
count_pulse_s1          0x00000c    0x2  Data  Gb  main.o [1]
count_pulse_s2          0x00000e    0x2  Data  Gb  main.o [1]
div                     0x009dc9   0x30  Code  Gb  div.o [4]
exit                    0x00a14b    0x3  Code  Gb  exit.o [4]
init_clock              0x009c36   0x40  Code  Gb  Utils.o [1]
init_ports              0x009b5d   0x55  Code  Gb  Utils.o [1]
interruptsSensors       0x009f11   0x1e  Code  Gb  main.o [1]
main                    0x0090d2  0x2b4  Code  Gb  main.o [1]
memcpy                  0x009ed4   0x1f  Code  Gb  memcpy.o [4]
pad                     0x009d5f   0x37  Code  Lc  xprintffull_nomb.o [4]
pulse_rate              0x000014    0x1  Data  Gb  main.o [1]
pulse_rate_s1           0x000015    0x1  Data  Gb  main.o [1]
pulse_rate_s2           0x000016    0x1  Data  Gb  main.o [1]
receiveStrokeLenght     0x00a0a8    0x9  Code  Gb  main.o [1]
resetCountPulses        0x00a028    0xd  Code  Gb  main.o [1]
scale                   0x009bb2   0x43  Code  Lc  xprintffull_nomb.o [4]
sendPosition            0x009e76   0x20  Code  Gb  main.o [1]
sendPulseRate           0x00990d   0xd6  Code  Gb  main.o [1]
send_byte               0x009f6a   0x1c  Code  Gb  Utils.o [1]
setup_adc               0x009e96   0x1f  Code  Gb  Utils.o [1]
setup_interrupts_sensors
                        0x009f86   0x17  Code  Gb  Utils.o [1]
simulate_hall_sensor    0x0099e3   0xa9  Code  Gb  Utils.o [1]
spiCode                 0x000017    0x1  Data  Gb  main.o [1]
sprintf                 0x009c76   0x3d  Code  Gb  sprintf.o [4]
strlen                  0x00a035    0xd  Code  Gb  strlen.o [4]
stroke_lenght           0x000018    0x1  Data  Gb  main.o [1]


[1] = C:\Users\riban\OneDrive\Ambiente de Trabalho\IAR\Debug\Obj
[2] = command line
[3] = dbgstm8smd.a
[4] = dlstm8smn.a

  8 240 bytes of readonly  code memory
    292 bytes of readonly  data memory
    286 bytes of readwrite data memory (+ 66 absolute)

Errors: none
Warnings: none
