###############################################################################
#
# IAR ELF Linker V3.11.1.207 for STM8                     29/Apr/2020  02:48:58
# Copyright 2010-2019 IAR Systems AB.
#
#    Output file  =  
#        C:\Users\riban\OneDrive\Ambiente de
#        Trabalho\IAR\Debug\Exe\ControlUnit.out
#    Map file     =  
#        C:\Users\riban\OneDrive\Ambiente de
#        Trabalho\IAR\Debug\List\ControlUnit.map
#    Command line =  
#        -f C:\Users\riban\AppData\Local\Temp\EW2F8A.tmp
#        ("C:\Users\riban\OneDrive\Ambiente de Trabalho\IAR\Debug\Obj\main.o"
#        "C:\Users\riban\OneDrive\Ambiente de Trabalho\IAR\Debug\Obj\Utils.o"
#        --redirect _Printf=_PrintfFullNoMb --redirect _Scanf=_ScanfFullNoMb
#        --no_out_extension -o "C:\Users\riban\OneDrive\Ambiente de
#        Trabalho\IAR\Debug\Exe\ControlUnit.out" --map
#        "C:\Users\riban\OneDrive\Ambiente de
#        Trabalho\IAR\Debug\List\ControlUnit.map" --config "C:\Program Files
#        (x86)\IAR Systems\Embedded Workbench
#        8.3\stm8\config\lnkstm8s208rb.icf" --config_def _CSTACK_SIZE=0x100
#        --config_def _HEAP_SIZE=0x100 --entry __iar_program_start --debug_lib)
#
###############################################################################

*******************************************************************************
*** RUNTIME MODEL ATTRIBUTES
***

__SystemLibrary            = DLib
__code_model               = small
__core                     = stm8
__data_model               = medium
__dlib_file_descriptor     = 0
__dlib_full_locale_support = 0
__rt_version               = 4


*******************************************************************************
*** PLACEMENT SUMMARY
***

"A0":  place at start of [0x000000-0x0000ff] { rw section .vregs };
"A1":  place at end of [0x000000-0x0017ff] { block CSTACK };
"P2":  place in [from 0x000000 to 0x0017ff] {
          block HEAP, rw section __DLIB_PERTHREAD, rw section .far.bss,
          rw section .far.data, rw section .far.noinit,
          rw section .far_func.textrw, rw section .huge.bss,
          rw section .huge.data, rw section .huge.noinit,
          rw section .huge_func.textrw, rw section .iar.dynexit,
          rw section .near.bss, rw section .near.data, rw section .near.noinit,
          rw section .near_func.textrw };
"A2":  place at start of [0x008000-0x00ffff] { block INTVEC };
"P3":  place in [from 0x008000 to 0x00ffff] {
          ro section __DLIB_PERTHREAD_init, ro section .far.data_init,
          ro section .far_func.textrw_init, ro section .huge.data_init,
          ro section .huge_func.textrw_init, ro section .iar.init_table,
          ro section .init_array, ro section .near.data_init,
          ro section .near.rodata, ro section .near_func.text,
          ro section .near_func.textrw_init, ro section .tiny.data_init,
          ro section .tiny.rodata_init };
do not initialize {
   rw section .eeprom.noinit, rw section .far.noinit, rw section .huge.noinit,
   rw section .near.noinit, rw section .tiny.noinit, rw section .vregs };

No sections matched the following patterns:

  ro section .far.data_init          in "P3"
  ro section .far.rodata             in "P4"
  ro section .far_func.text          in "P4"
  ro section .far_func.textrw_init   in "P3"
  ro section .huge.data_init         in "P3"
  ro section .huge.rodata            in "P5"
  ro section .huge_func.text         in "P5"
  ro section .huge_func.textrw_init  in "P3"
  ro section .iar.init_table         in "P3"
  ro section .init_array             in "P3"
  ro section .near.data_init         in "P3"
  ro section .near_func.textrw_init  in "P3"
  ro section .tiny.data_init         in "P3"
  ro section .tiny.rodata_init       in "P3"
  ro section __DLIB_PERTHREAD_init   in "P3"
  rw section .far.bss                in "P2"
  rw section .far.data               in "P2"
  rw section .far.noinit             in "P2"
  rw section .far_func.textrw        in "P2"
  rw section .huge.bss               in "P2"
  rw section .huge.data              in "P2"
  rw section .huge.noinit            in "P2"
  rw section .huge_func.textrw       in "P2"
  rw section .iar.dynexit            in "P2"
  rw section .near.data              in "P2"
  rw section .near.noinit            in "P2"
  rw section .near_func.textrw       in "P2"
  rw section .tiny.bss               in "P1"
  rw section .tiny.data              in "P1"
  rw section .tiny.noinit            in "P1"
  rw section .tiny.rodata            in "P1"
  rw section __DLIB_PERTHREAD        in "P2"
  section .eeprom.data               in "P6-P8"
  section .eeprom.noinit             in "P6-P8"
  section .eeprom.rodata             in "P6-P8"


  Section          Kind      Address    Size  Object
  -------          ----      -------    ----  ------
"A0":                                    0xc
  .vregs           uninit   0x000000     0xc  vregs.o [4]
                          - 0x00000c     0xc

"P2":                                    0x5
  .near.bss        zero     0x00000c     0x2  main.o [1]
  .near.bss        zero     0x00000e     0x2  main.o [1]
  .near.bss        zero     0x000010     0x1  main.o [1]
                          - 0x000011     0x5

"A1":                                  0x100
  CSTACK                    0x001700   0x100  <Block>
    CSTACK         uninit   0x001700   0x100  <Block tail>
                          - 0x001800   0x100

Absolute sections, part 1 of 15:         0x3
  .near.noinit     uninit   0x005002     0x1  Utils.o [1]
  .near.noinit     uninit   0x005003     0x1  Utils.o [1]
  .near.noinit     uninit   0x005004     0x1  Utils.o [1]
                          - 0x005005     0x3

Absolute sections, part 2 of 15:         0x3
  .near.noinit     uninit   0x005007     0x1  Utils.o [1]
  .near.noinit     uninit   0x005008     0x1  Utils.o [1]
  .near.noinit     uninit   0x005009     0x1  Utils.o [1]
                          - 0x00500a     0x3

Absolute sections, part 3 of 15:         0x4
  .near.noinit     uninit   0x00500b     0x1  main.o [1]
  .near.noinit     uninit   0x00500c     0x1  Utils.o [1]
  .near.noinit     uninit   0x00500d     0x1  Utils.o [1]
  .near.noinit     uninit   0x00500e     0x1  Utils.o [1]
                          - 0x00500f     0x4

Absolute sections, part 4 of 15:         0x3
  .near.noinit     uninit   0x005011     0x1  Utils.o [1]
  .near.noinit     uninit   0x005012     0x1  Utils.o [1]
  .near.noinit     uninit   0x005013     0x1  Utils.o [1]
                          - 0x005014     0x3

Absolute sections, part 5 of 15:         0x3
  .near.noinit     uninit   0x005016     0x1  Utils.o [1]
  .near.noinit     uninit   0x005017     0x1  Utils.o [1]
  .near.noinit     uninit   0x005018     0x1  Utils.o [1]
                          - 0x005019     0x3

Absolute sections, part 6 of 15:         0x2
  .near.noinit     uninit   0x0050a0     0x1  Utils.o [1]
  .near.noinit     uninit   0x0050a1     0x1  Utils.o [1]
                          - 0x0050a2     0x2

Absolute sections, part 7 of 15:         0x2
  .near.noinit     uninit   0x0050c0     0x1  Utils.o [1]
  .near.noinit     uninit   0x0050c1     0x1  Utils.o [1]
                          - 0x0050c2     0x2

Absolute sections, part 8 of 15:         0x4
  .near.noinit     uninit   0x0050c4     0x1  Utils.o [1]
  .near.noinit     uninit   0x0050c5     0x1  Utils.o [1]
  .near.noinit     uninit   0x0050c6     0x1  Utils.o [1]
  .near.noinit     uninit   0x0050c7     0x1  Utils.o [1]
                          - 0x0050c8     0x4

Absolute sections, part 9 of 15:         0x2
  .near.noinit     uninit   0x0050c9     0x1  Utils.o [1]
  .near.noinit     uninit   0x0050ca     0x1  Utils.o [1]
                          - 0x0050cb     0x2

Absolute sections, part 10 of 15:        0x2
  .near.noinit     uninit   0x0050cc     0x1  Utils.o [1]
  .near.noinit     uninit   0x0050cd     0x1  Utils.o [1]
                          - 0x0050ce     0x2

Absolute sections, part 11 of 15:        0x2
  .near.noinit     uninit   0x005203     0x1  Utils.o [1]
  .near.noinit     uninit   0x005204     0x1  Utils.o [1]
                          - 0x005205     0x2

Absolute sections, part 12 of 15:        0xb
  .near.noinit     uninit   0x005230     0x1  Utils.o [1]
  .near.noinit     uninit   0x005231     0x1  Utils.o [1]
  .near.noinit     uninit   0x005232     0x1  Utils.o [1]
  .near.noinit     uninit   0x005233     0x1  Utils.o [1]
  .near.noinit     uninit   0x005234     0x1  Utils.o [1]
  .near.noinit     uninit   0x005235     0x1  Utils.o [1]
  .near.noinit     uninit   0x005236     0x1  Utils.o [1]
  .near.noinit     uninit   0x005237     0x1  Utils.o [1]
  .near.noinit     uninit   0x005238     0x1  Utils.o [1]
  .near.noinit     uninit   0x005239     0x1  Utils.o [1]
  .near.noinit     uninit   0x00523a     0x1  Utils.o [1]
                          - 0x00523b     0xb

Absolute sections, part 13 of 15:       0x11
  .near.noinit     uninit   0x005320     0x1  Utils.o [1]
  .near.noinit     uninit   0x005321     0x1  Utils.o [1]
  .near.noinit     uninit   0x005322     0x1  Utils.o [1]
  .near.noinit     uninit   0x005323     0x1  Utils.o [1]
  .near.noinit     uninit   0x005324     0x1  Utils.o [1]
  .near.noinit     uninit   0x005325     0x1  Utils.o [1]
  .near.noinit     uninit   0x005326     0x1  Utils.o [1]
  .near.noinit     uninit   0x005327     0x1  Utils.o [1]
  .near.noinit     uninit   0x005328     0x1  Utils.o [1]
  .near.noinit     uninit   0x005329     0x1  Utils.o [1]
  .near.noinit     uninit   0x00532a     0x1  Utils.o [1]
  .near.noinit     uninit   0x00532b     0x1  Utils.o [1]
  .near.noinit     uninit   0x00532c     0x1  Utils.o [1]
  .near.noinit     uninit   0x00532d     0x1  Utils.o [1]
  .near.noinit     uninit   0x00532e     0x1  Utils.o [1]
  .near.noinit     uninit   0x00532f     0x1  Utils.o [1]
  .near.noinit     uninit   0x005330     0x1  Utils.o [1]
                          - 0x005331    0x11

Absolute sections, part 14 of 15:        0x2
  .near.noinit     uninit   0x005400     0x1  Utils.o [1]
  .near.noinit     uninit   0x005401     0x1  Utils.o [1]
                          - 0x005402     0x2

Absolute sections, part 15 of 15:        0x2
  .near.noinit     uninit   0x005404     0x1  Utils.o [1]
  .near.noinit     uninit   0x005405     0x1  Utils.o [1]
                          - 0x005406     0x2

"A2":                                   0x80
  INTVEC                    0x008000    0x80  <Block>
    .intvec        const    0x008000    0x80  interrupt.o [4]
                          - 0x008080    0x80

"P3":                                 0x1d9a
  .near_func.text  ro code  0x008080   0x460  float.o [4]
  .near_func.text  ro code  0x0084e0   0x45d  xprintffull_nomb.o [4]
  .near_func.text  ro code  0x00893d   0x412  xprintffull_nomb.o [4]
  .near_func.text  ro code  0x008d4f   0x383  xprintffull_nomb.o [4]
  .near_func.text  ro code  0x0090d2   0x1b7  long.o [4]
  .near_func.text  ro code  0x009289   0x176  xprintffull_nomb.o [4]
  .near_func.text  ro code  0x0093ff   0x161  float_libsup.o [4]
  .near_func.text  ro code  0x009560    0xf9  vreg_util.o [4]
  .near_func.text  ro code  0x009659    0xe1  main.o [1]
  .near_func.text  ro code  0x00973a    0xa9  Utils.o [1]
  .near_func.text  ro code  0x0097e3    0x72  long_util.o [4]
  .near_func.text  ro code  0x009855    0x5f  Utils.o [1]
  .near_func.text  ro code  0x0098b4    0x55  Utils.o [1]
  .near_func.text  ro code  0x009909    0x43  xprintffull_nomb.o [4]
  .near_func.text  ro code  0x00994c    0x41  xprintffull_nomb.o [4]
  .near_func.text  ro code  0x00998d    0x40  Utils.o [1]
  .near_func.text  ro code  0x0099cd    0x3d  sprintf.o [4]
  .near_func.text  const    0x009a0a    0x3c  xprintffull_nomb.o [4]
  .near_func.text  ro code  0x009a46    0x37  short.o [4]
  .near_func.text  ro code  0x009a7d    0x37  xprintffull_nomb.o [4]
  .near_func.text  ro code  0x009ab4    0x35  main.o [1]
  .near_func.text  ro code  0x009ae9    0x33  xprintffull_nomb.o [4]
  .near_func.text  ro code  0x009b1c    0x30  div.o [4]
  .near_func.text  ro code  0x009b4c    0x2f  xprintffull_nomb.o [4]
  .near_func.text  ro code  0x009b7b    0x2a  Utils.o [1]
  .near_func.text  ro code  0x009ba5    0x25  main.o [1]
  .near_func.text  ro code  0x009bca    0x21  memchr.o [4]
  .iar.init_table  const    0x009beb     0x8  - Linker created -
  .near_func.text  ro code  0x009bf3    0x1f  dc_util.o [4]
  .near_func.text  ro code  0x009c12    0x1f  memcpy.o [4]
  .near_func.text  ro code  0x009c31    0x1e  init_small.o [4]
  .near_func.text  ro code  0x009c4f    0x17  Utils.o [1]
  .near_func.text  ro code  0x009c66    0x17  Utils.o [1]
  .near.rodata     const    0x009c7d    0x15  main.o [1]
  .near_func.text  ro code  0x009c92    0x15  strchr.o [4]
  .near_func.text  ro code  0x009ca7    0x14  init.o [4]
  .near_func.text  ro code  0x009cbb    0x14  xprintffull_nomb.o [4]
  .near_func.text  ro code  0x009ccf    0x14  __dbg_xxexit.o [3]
  .near_func.text  ro code  0x009ce3    0x13  cstartup.o [4]
  .near_func.text  ro code  0x009cf6    0x10  Utils.o [1]
  .near_func.text  ro code  0x009d06     0xd  strlen.o [4]
  .near_func.text  ro code  0x009d13     0xd  move.o [4]
  .near_func.text  ro code  0x009d20     0xc  xprintffull_nomb.o [4]
  .near_func.text  ro code  0x009d2c     0xc  switch.o [4]
  .near_func.text  ro code  0x009d38     0xb  main.o [1]
  .near_func.text  ro code  0x009d43     0xb  xprintffull_nomb.o [4]
  .near_func.text  ro code  0x009d4e     0xb  xprintffull_nomb.o [4]
  .near_func.text  ro code  0x009d59     0xb  xprintffull_nomb.o [4]
  .near_func.text  ro code  0x009d64     0xb  xsprout.o [4]
  .near_func.text  ro code  0x009d6f     0xa  xprintffull_nomb.o [4]
  .near_func.text  ro code  0x009d79     0x9  xprintffull_nomb.o [4]
  .near_func.text  ro code  0x009d82     0x9  xprintffull_nomb.o [4]
  .near_func.text  ro code  0x009d8b     0x9  xprintffull_nomb.o [4]
  .near_func.text  ro code  0x009d94     0x8  xprintffull_nomb.o [4]
  .near_func.text  ro code  0x009d9c     0x8  xprintffull_nomb.o [4]
  .near_func.text  ro code  0x009da4     0x8  xprintffull_nomb.o [4]
  .near_func.text  ro code  0x009dac     0x8  xprintffull_nomb.o [4]
  .near.rodata     const    0x009db4     0x7  xprintffull_nomb.o [4]
  .near_func.text  ro code  0x009dbb     0x7  xprintffull_nomb.o [4]
  .near_func.text  ro code  0x009dc2     0x7  xprintffull_nomb.o [4]
  .near_func.text  ro code  0x009dc9     0x6  char.o [4]
  .near_func.text  ro code  0x009dcf     0x6  xprintffull_nomb.o [4]
  .near_func.text  ro code  0x009dd5     0x6  xprintffull_nomb.o [4]
  .near_func.text  ro code  0x009ddb     0x6  xprintffull_nomb.o [4]
  .near_func.text  ro code  0x009de1     0x6  xprintffull_nomb.o [4]
  .near_func.text  ro code  0x009de7     0x6  xprintffull_nomb.o [4]
  .near_func.text  ro code  0x009ded     0x5  xprintffull_nomb.o [4]
  .near_func.text  ro code  0x009df2     0x5  cexit.o [4]
  .near.rodata     const    0x009df7     0x4  main.o [1]
  .near.rodata     const    0x009dfb     0x4  xprintffull_nomb.o [4]
  .near.rodata     const    0x009dff     0x4  xprintffull_nomb.o [4]
  .near.rodata     const    0x009e03     0x4  xprintffull_nomb.o [4]
  .near.rodata     const    0x009e07     0x4  xprintffull_nomb.o [4]
  .near_func.text  ro code  0x009e0b     0x3  interrupt.o [4]
  .near_func.text  ro code  0x009e0e     0x3  low_level_init.o [4]
  .near_func.text  ro code  0x009e11     0x3  exit.o [4]
  .near_func.text  ro code  0x009e14     0x3  unhandled_exception.o [4]
  .near.rodata     const    0x009e17     0x2  xprintffull_nomb.o [4]
  .near_func.text  ro code  0x009e19     0x1  __dbg_break.o [3]
                          - 0x009e1a  0x1d9a


*******************************************************************************
*** INIT TABLE
***

          Address   Size
          -------   ----
Zero (__iar_zero_init2)
    1 destination range, total size 0x5:
          0x00000c   0x5



*******************************************************************************
*** MODULE SUMMARY
***

    Module                 ro code  ro data  rw data  rw data
                                                       (abs)
    ------                 -------  -------  -------  -------
C:\Users\riban\OneDrive\Ambiente de Trabalho\IAR\Debug\Obj: [1]
    Utils.o                    517                         61
    main.o                     326       25        5        1
    ---------------------------------------------------------
    Total:                     843       25        5       62

command line: [2]
    ---------------------------------------------------------
    Total:

dbgstm8smd.a: [3]
    __dbg_break.o                1
    __dbg_xxexit.o              20
    ---------------------------------------------------------
    Total:                      21

dlstm8smn.a: [4]
    cexit.o                      5
    char.o                       6
    cstartup.o                  19
    dc_util.o                   31
    div.o                       48
    exit.o                       3
    float.o                  1 120
    float_libsup.o             353
    init.o                      20
    init_small.o                30
    interrupt.o                  3      128
    long.o                     439
    long_util.o                114
    low_level_init.o             3
    memchr.o                    33
    memcpy.o                    31
    move.o                      13
    short.o                     55
    sprintf.o                   61
    strchr.o                    21
    strlen.o                    13
    switch.o                    12
    unhandled_exception.o        3
    vreg_util.o                249
    vregs.o                                       12
    xprintffull_nomb.o       3 900       85
    xsprout.o                   11
    ---------------------------------------------------------
    Total:                   6 596      213       12

    Linker created                        8      256
-------------------------------------------------------------
    Grand Total:             7 460      246      273       62


*******************************************************************************
*** ENTRY LIST
***

Entry                    Address   Size  Type      Object
-----                    -------   ----  ----      ------
.iar.init_table$$Base   0x009beb          --   Gb  - Linker created -
.iar.init_table$$Limit  0x009bf3          --   Gb  - Linker created -
?and32_l0_l0_0x         0x009244         Code  Gb  long.o [4]
?and32_l0_l0_l1         0x009241         Code  Gb  long.o [4]
?b0                     0x000000         Data  Gb  vregs.o [4]
?b1                     0x000001         Data  Gb  vregs.o [4]
?b10                    0x00000a         Data  Gb  vregs.o [4]
?b11                    0x00000b         Data  Gb  vregs.o [4]
?b2                     0x000002         Data  Gb  vregs.o [4]
?b3                     0x000003         Data  Gb  vregs.o [4]
?b4                     0x000004         Data  Gb  vregs.o [4]
?b5                     0x000005         Data  Gb  vregs.o [4]
?b6                     0x000006         Data  Gb  vregs.o [4]
?b7                     0x000007         Data  Gb  vregs.o [4]
?b8                     0x000008         Data  Gb  vregs.o [4]
?b9                     0x000009         Data  Gb  vregs.o [4]
?dc32_l1                0x009bfa         Code  Gb  dc_util.o [4]
?dc32_px                0x009c07         Code  Gb  dc_util.o [4]
?dc8_px                 0x009bf3         Code  Gb  dc_util.o [4]
?e0                     0x000001         Data  Gb  vregs.o [4]
?e1                     0x000005         Data  Gb  vregs.o [4]
?e2                     0x000009         Data  Gb  vregs.o [4]
?epilogue_l2            0x0095e6         Code  Gb  vreg_util.o [4]
?epilogue_w4            0x0095ea         Code  Gb  vreg_util.o [4]
?fadd32_l0_l0_l1        0x0080a3         Code  Gb  float.o [4]
?fcastf32s32_l0_l0      0x00839b         Code  Gb  float.o [4]
?fcastf32u32_l0_l0      0x0083a6         Code  Gb  float.o [4]
?fcasts32f32_l0_l0      0x00833a         Code  Gb  float.o [4]
?fcastu32f32_l0_l0      0x008323         Code  Gb  float.o [4]
?fcmpge32_c_l0_0x       0x0082c4         Code  Gb  float.o [4]
?fcmpge32_c_l0_dc32     0x0082bf         Code  Gb  float.o [4]
?fcmplt32_c_l0_0x       0x0082cd         Code  Gb  float.o [4]
?fcmplt32_c_l0_dc32     0x0082c8         Code  Gb  float.o [4]
?fdiv32_l0_l0_l1        0x008211         Code  Gb  float.o [4]
?fmul32_l0_l0_dc32      0x008171         Code  Gb  float.o [4]
?fmul32_l0_l0_l1        0x008176         Code  Gb  float.o [4]
?fsub32_l0_l0_l1        0x00809d         Code  Gb  float.o [4]
?l0                     0x000000         Data  Gb  vregs.o [4]
?l1                     0x000004         Data  Gb  vregs.o [4]
?l2                     0x000008         Data  Gb  vregs.o [4]
?load32_0x_l0           0x009828         Code  Gb  long_util.o [4]
?load32_0x_l2           0x009847         Code  Gb  long_util.o [4]
?load32_asp_l0          0x00981c         Code  Gb  long_util.o [4]
?load32_asp_l2          0x00983b         Code  Gb  long_util.o [4]
?load32_dbsp_l0         0x009817         Code  Gb  long_util.o [4]
?load32_dbsp_l2         0x009836         Code  Gb  long_util.o [4]
?load32_l0_0x           0x0097f3         Code  Gb  long_util.o [4]
?load32_l0_asp          0x0097e8         Code  Gb  long_util.o [4]
?load32_l0_dbsp         0x0097e3         Code  Gb  long_util.o [4]
?load32_l0_xsp          0x0097ea         Code  Gb  long_util.o [4]
?load32_l1_0x           0x0097ff         Code  Gb  long_util.o [4]
?load32_l2_0x           0x00980b         Code  Gb  long_util.o [4]
?load32_xsp_l0          0x00981e         Code  Gb  long_util.o [4]
?load32_xsp_l2          0x00983d         Code  Gb  long_util.o [4]
?mov_e0_e1              0x00961b         Code  Gb  vreg_util.o [4]
?mov_e0_e2              0x009628         Code  Gb  vreg_util.o [4]
?mov_e1_e0              0x009635         Code  Gb  vreg_util.o [4]
?mov_e1_e2              0x009642         Code  Gb  vreg_util.o [4]
?mov_e2_e0              0x00964f         Code  Gb  vreg_util.o [4]
?mov_l0_l1              0x009618         Code  Gb  vreg_util.o [4]
?mov_l0_l2              0x009625         Code  Gb  vreg_util.o [4]
?mov_l1_l0              0x009632         Code  Gb  vreg_util.o [4]
?mov_l1_l2              0x00963f         Code  Gb  vreg_util.o [4]
?mov_l2_l0              0x00964c         Code  Gb  vreg_util.o [4]
?mov_w0_w5              0x0095ee         Code  Gb  vreg_util.o [4]
?mov_w1_w3              0x00961e         Code  Gb  vreg_util.o [4]
?mov_w1_w5              0x00962b         Code  Gb  vreg_util.o [4]
?mov_w2_w0              0x0095f5         Code  Gb  vreg_util.o [4]
?mov_w2_w1              0x0095fc         Code  Gb  vreg_util.o [4]
?mov_w3_w1              0x009638         Code  Gb  vreg_util.o [4]
?mov_w3_w5              0x009645         Code  Gb  vreg_util.o [4]
?mov_w4_w0              0x009603         Code  Gb  vreg_util.o [4]
?mov_w4_w1              0x00960a         Code  Gb  vreg_util.o [4]
?mov_w5_w0              0x009611         Code  Gb  vreg_util.o [4]
?mov_w5_w1              0x009652         Code  Gb  vreg_util.o [4]
?move1616_v_x_y_a       0x009d13         Code  Gb  move.o [4]
?mul16_x_x_w0           0x009a46         Code  Gb  short.o [4]
?mul32_l0_l0_0x         0x0090e5         Code  Gb  long.o [4]
?mul32_l0_l0_dl         0x0090e2         Code  Gb  long.o [4]
?mul32_l0_l0_l1         0x0090ee         Code  Gb  long.o [4]
?neg32_l0_l0            0x0090d2         Code  Gb  long.o [4]
?pop_l0                 0x0095bd         Code  Gb  vreg_util.o [4]
?pop_l1                 0x0095c8         Code  Gb  vreg_util.o [4]
?pop_l2                 0x0095d3         Code  Gb  vreg_util.o [4]
?pop_w4                 0x009582         Code  Gb  vreg_util.o [4]
?push_l0                0x009591         Code  Gb  vreg_util.o [4]
?push_l1                0x009596         Code  Gb  vreg_util.o [4]
?push_l2                0x00959b         Code  Gb  vreg_util.o [4]
?push_w0                0x009560         Code  Gb  vreg_util.o [4]
?push_w1                0x009565         Code  Gb  vreg_util.o [4]
?push_w4                0x00956a         Code  Gb  vreg_util.o [4]
?scmp32_c_l0_l1         0x00922a         Code  Gb  long.o [4]
?sdiv16_x_x_y           0x009a64         Code  Gb  short.o [4]
?sdiv32_l0_l0_dl        0x0091e1         Code  Gb  long.o [4]
?sdiv32_l0_l0_l1        0x0091e4         Code  Gb  long.o [4]
?sext32_l0_a            0x00927c         Code  Gb  long.o [4]
?sext32_l0_x            0x009271         Code  Gb  long.o [4]
?smod32_l1_l0_l1        0x0091e4         Code  Gb  long.o [4]
?sra32_0x_0x_a          0x009263         Code  Gb  long.o [4]
?sra32_l0_l0_a          0x009260         Code  Gb  long.o [4]
?sra32_l0_l0_db         0x00925c         Code  Gb  long.o [4]
?srl8_a_a_5             0x009dca         Code  Gb  char.o [4]
?srl8_a_a_6             0x009dc9         Code  Gb  char.o [4]
?switch8vlt_0x_a_0x     0x009d2c         Code  Gb  switch.o [4]
?udiv32_l0_l0_dl        0x009171         Code  Gb  long.o [4]
?udiv32_l0_l0_l1        0x009174         Code  Gb  long.o [4]
?umod32_l1_l0_dl        0x00916c         Code  Gb  long.o [4]
?umod32_l1_l0_l1        0x009174         Code  Gb  long.o [4]
?w0                     0x000000         Data  Gb  vregs.o [4]
?w1                     0x000002         Data  Gb  vregs.o [4]
?w2                     0x000004         Data  Gb  vregs.o [4]
?w3                     0x000006         Data  Gb  vregs.o [4]
?w4                     0x000008         Data  Gb  vregs.o [4]
?w5                     0x00000a         Data  Gb  vregs.o [4]
ADC_DRH                 0x005404    0x1  Data  Gb  Utils.o [1]
ADC_DRL                 0x005405    0x1  Data  Gb  Utils.o [1]
CLK_PCKENR1             0x0050c7    0x1  Data  Gb  Utils.o [1]
CLK_PCKENR2             0x0050ca    0x1  Data  Gb  Utils.o [1]
CLK_SWR                 0x0050c4    0x1  Data  Gb  Utils.o [1]
CSTACK$$Base            0x001700          --   Gb  - Linker created -
CSTACK$$Limit           0x001800          --   Gb  - Linker created -
EXTI_PORTC_IRQHandler   0x009ba5   0x25  Code  Gb  main.o [1]
EXTI_PORTE_IRQHandler   0x009ab4   0x35  Code  Gb  main.o [1]
INTVEC$$Base            0x008000          --   Gb  - Linker created -
INTVEC$$Limit           0x008080          --   Gb  - Linker created -
InitialiseUART          0x009855   0x5f  Code  Gb  Utils.o [1]
InitialiseUserButton    0x009c66   0x17  Code  Gb  Utils.o [1]
LoadInt                 0x00994c   0x41  Code  Lc  xprintffull_nomb.o [4]
Region$$Table$$Base     0x009beb          --   Gb  - Linker created -
Region$$Table$$Limit    0x009bf3          --   Gb  - Linker created -
SPI_DR                  0x005204    0x1  Data  Gb  Utils.o [1]
SPI_IRQHandler          0x009d38    0xb  Code  Gb  main.o [1]
TIM3_ARRH               0x00532b    0x1  Data  Gb  Utils.o [1]
TIM3_ARRL               0x00532c    0x1  Data  Gb  Utils.o [1]
TIM3_CCR1H              0x00532d    0x1  Data  Gb  Utils.o [1]
TIM3_CCR1L              0x00532e    0x1  Data  Gb  Utils.o [1]
TIM3_CCR2H              0x00532f    0x1  Data  Gb  Utils.o [1]
TIM3_CCR2L              0x005330    0x1  Data  Gb  Utils.o [1]
TIM3_CNTRH              0x005328    0x1  Data  Gb  Utils.o [1]
TIM3_CNTRL              0x005329    0x1  Data  Gb  Utils.o [1]
UART1_BRR1              0x005232    0x1  Data  Gb  Utils.o [1]
UART1_BRR2              0x005233    0x1  Data  Gb  Utils.o [1]
UART1_DR                0x005231    0x1  Data  Gb  Utils.o [1]
UART1_GTR               0x005239    0x1  Data  Gb  Utils.o [1]
UART1_PSCR              0x00523a    0x1  Data  Gb  Utils.o [1]
UARTPrintf              0x009cf6   0x10  Code  Gb  Utils.o [1]
_A_ADC_CR1              0x005401    0x1  Data  Gb  Utils.o [1]
_A_ADC_CSR              0x005400    0x1  Data  Gb  Utils.o [1]
_A_CLK_CCOR             0x0050c9    0x1  Data  Gb  Utils.o [1]
_A_CLK_CKDIVR           0x0050c6    0x1  Data  Gb  Utils.o [1]
_A_CLK_ECKR             0x0050c1    0x1  Data  Gb  Utils.o [1]
_A_CLK_HSITRIMR         0x0050cc    0x1  Data  Gb  Utils.o [1]
_A_CLK_ICKR             0x0050c0    0x1  Data  Gb  Utils.o [1]
_A_CLK_SWCR             0x0050c5    0x1  Data  Gb  Utils.o [1]
_A_CLK_SWIMCCR          0x0050cd    0x1  Data  Gb  Utils.o [1]
_A_EXTI_CR1             0x0050a0    0x1  Data  Gb  Utils.o [1]
_A_EXTI_CR2             0x0050a1    0x1  Data  Gb  Utils.o [1]
_A_PA_CR1               0x005003    0x1  Data  Gb  Utils.o [1]
_A_PA_CR2               0x005004    0x1  Data  Gb  Utils.o [1]
_A_PA_DDR               0x005002    0x1  Data  Gb  Utils.o [1]
_A_PB_CR1               0x005008    0x1  Data  Gb  Utils.o [1]
_A_PB_CR2               0x005009    0x1  Data  Gb  Utils.o [1]
_A_PB_DDR               0x005007    0x1  Data  Gb  Utils.o [1]
_A_PC_CR1               0x00500d    0x1  Data  Gb  Utils.o [1]
_A_PC_CR2               0x00500e    0x1  Data  Gb  Utils.o [1]
_A_PC_DDR               0x00500c    0x1  Data  Gb  Utils.o [1]
_A_PC_IDR               0x00500b    0x1  Data  Gb  main.o [1]
_A_PD_CR1               0x005012    0x1  Data  Gb  Utils.o [1]
_A_PD_CR2               0x005013    0x1  Data  Gb  Utils.o [1]
_A_PD_DDR               0x005011    0x1  Data  Gb  Utils.o [1]
_A_PE_CR1               0x005017    0x1  Data  Gb  Utils.o [1]
_A_PE_CR2               0x005018    0x1  Data  Gb  Utils.o [1]
_A_PE_DDR               0x005016    0x1  Data  Gb  Utils.o [1]
_A_SPI_SR               0x005203    0x1  Data  Gb  Utils.o [1]
_A_TIM3_CCER1           0x005327    0x1  Data  Gb  Utils.o [1]
_A_TIM3_CCMR1           0x005325    0x1  Data  Gb  Utils.o [1]
_A_TIM3_CCMR2           0x005326    0x1  Data  Gb  Utils.o [1]
_A_TIM3_CR1             0x005320    0x1  Data  Gb  Utils.o [1]
_A_TIM3_EGR             0x005324    0x1  Data  Gb  Utils.o [1]
_A_TIM3_IER             0x005321    0x1  Data  Gb  Utils.o [1]
_A_TIM3_PSCR            0x00532a    0x1  Data  Gb  Utils.o [1]
_A_TIM3_SR1             0x005322    0x1  Data  Gb  Utils.o [1]
_A_TIM3_SR2             0x005323    0x1  Data  Gb  Utils.o [1]
_A_UART1_CR1            0x005234    0x1  Data  Gb  Utils.o [1]
_A_UART1_CR2            0x005235    0x1  Data  Gb  Utils.o [1]
_A_UART1_CR3            0x005236    0x1  Data  Gb  Utils.o [1]
_A_UART1_CR4            0x005237    0x1  Data  Gb  Utils.o [1]
_A_UART1_CR5            0x005238    0x1  Data  Gb  Utils.o [1]
_A_UART1_SR             0x005230    0x1  Data  Gb  Utils.o [1]
_GenldFullNoMb          0x008d4f  0x383  Code  Lc  xprintffull_nomb.o [4]
_LdtobFullNoMb          0x00893d  0x412  Code  Lc  xprintffull_nomb.o [4]
_LitobFullNoMb          0x009289  0x176  Code  Lc  xprintffull_nomb.o [4]
_PrintfFullNoMb         0x0084e0  0x45d  Code  Gb  xprintffull_nomb.o [4]
_PutcharFullNoMb        0x009b4c   0x2f  Code  Lc  xprintffull_nomb.o [4]
_PutcharsFullNoMb       0x009ae9   0x33  Code  Lc  xprintffull_nomb.o [4]
_SProut                 0x009d64    0xb  Code  Gb  xsprout.o [4]
__DebugBreak            0x009e19    0x1  Code  Gb  __dbg_break.o [3]
__exit                  0x009ccf   0x14  Code  Gb  __dbg_xxexit.o [3]
__iar_Dnorm             0x0093ff         Code  Gb  float_libsup.o [4]
__iar_Dscale            0x00948d         Code  Gb  float_libsup.o [4]
__iar_Dunscale          0x00943b         Code  Gb  float_libsup.o [4]
__iar_Memchr            0x009bca   0x21  Code  Gb  memchr.o [4]
__iar_Strchr            0x009c92   0x15  Code  Gb  strchr.o [4]
__iar_data_init2        0x009ca7   0x14  Code  Gb  init.o [4]
__iar_program_start     0x009ce3         Code  Gb  cstartup.o [4]
__iar_unhandled_exception
                        0x009e14         Code  Gb  unhandled_exception.o [4]
__iar_zero_init2        0x009c31         Code  Gb  init_small.o [4]
__intvec                0x008000         Data  Gb  interrupt.o [4]
__low_level_init        0x009e0e    0x3  Code  Gb  low_level_init.o [4]
_exit                   0x009df2         Code  Gb  cexit.o [4]
_interrupt_12           0x009d38         Code  Gb  main.o [1]
_interrupt_7            0x009ba5         Code  Gb  main.o [1]
_interrupt_9            0x009ab4         Code  Gb  main.o [1]
count_pulse_s1          0x00000c    0x2  Data  Gb  main.o [1]
count_pulse_s2          0x00000e    0x2  Data  Gb  main.o [1]
div                     0x009b1c   0x30  Code  Gb  div.o [4]
exit                    0x009e11    0x3  Code  Gb  exit.o [4]
init_clock              0x00998d   0x40  Code  Gb  Utils.o [1]
init_ports              0x0098b4   0x55  Code  Gb  Utils.o [1]
main                    0x009659   0xe1  Code  Gb  main.o [1]
memcpy                  0x009c12   0x1f  Code  Gb  memcpy.o [4]
pad                     0x009a7d   0x37  Code  Lc  xprintffull_nomb.o [4]
read_cs                 0x009b7b   0x2a  Code  Gb  Utils.o [1]
scale                   0x009909   0x43  Code  Lc  xprintffull_nomb.o [4]
setup_interrupts_sensors
                        0x009c4f   0x17  Code  Gb  Utils.o [1]
simulate_hall_sensor    0x00973a   0xa9  Code  Gb  Utils.o [1]
spiCode                 0x000010    0x1  Data  Gb  main.o [1]
sprintf                 0x0099cd   0x3d  Code  Gb  sprintf.o [4]
strlen                  0x009d06    0xd  Code  Gb  strlen.o [4]


[1] = C:\Users\riban\OneDrive\Ambiente de Trabalho\IAR\Debug\Obj
[2] = command line
[3] = dbgstm8smd.a
[4] = dlstm8smn.a

  7 460 bytes of readonly  code memory
    246 bytes of readonly  data memory
    273 bytes of readwrite data memory (+ 62 absolute)

Errors: none
Warnings: none
